node.exe : npm warn 
Unknown env config 
"python". This will stop 
working in the next major 
version of npm.
Au caractère Ligne:1 : 1
+ & "C:\Program 
Files\nodejs/node.exe" "C:\
Users\khali\AppData\Roaming
\ ...
+ ~~~~~~~~~~~~~~~~~~~~~~~~~
~~~~~~~~~~~~~~~~~~~~~~~~~~~
~~~~~~~~~~~~~~~~~
    + CategoryInfo         
     : NotSpecified: (npm  
   warn Unknow...version   
  of npm.:String) [], R    
emoteException
    + FullyQualifiedErrorI 
   d : NativeCommandError
 
[CSV] Initializing CSVDirectAnalyzer...
[CSV] CWD: C:\Users\khali\.gemini\antigravity\scratch\playerstats-football-analytics-main
[CSV] Current CSV path: C:\Users\khali\.gemini\antigravity\scratch\playerstats-football-analytics-main\players_data_2025_2026.csv
[CSV] Historical CSV path: C:\Users\khali\.gemini\antigravity\scratch\playerstats-football-analytics-main\players_data-2024_2025_1751387048911.csv
[CSV] Initializing CSVDirectAnalyzer...
[CSV] CWD: C:\Users\khali\.gemini\antigravity\scratch\playerstats-football-analytics-main
[CSV] Current CSV path: C:\Users\khali\.gemini\antigravity\scratch\playerstats-football-analytics-main\players_data_2025_2026.csv
[CSV] Historical CSV path: C:\Users\khali\.gemini\antigravity\scratch\playerstats-football-analytics-main\players_data-2024_2025_1751387048911.csv
[CSV DEBUG] Parsing C:\User
s\khali\.gemini\antigravity
\scratch\playerstats-footba
ll-analytics-main\players_d
ata_2025_2026.csv: 2720 
lines found
[CSV DEBUG] Parsed headers 
(count 53): Rk|Player|Natio
n|Pos|Squad|Comp|Age|Born|M
P|Starts|Min|90s|Gls|Ast|G+
A|G-PK|PK|PKatt|CrdY|CrdR|G
+A-PK|Sh|SoT|SoT%|Sh/90|SoT
/90|G/Sh|G/SoT|PK_stats_sho
oting|PKatt_stats_shooting|
Crs|TklW|Int|Fld|CrdY_stats
_misc|CrdR_stats_misc|2CrdY
|Fls|OG|GA|GA90|SoTA|Saves|
Save%|W|D|L|CS|CS%|PKatt_st
ats_keeper|PKA|PKsv|PKm
[CSV] readAndParseCsv for current path returned 2718 players
Loaded 2718 players from current dataset (2025/26)
[CSV DEBUG] Parsing C:\User
s\khali\.gemini\antigravity
\scratch\playerstats-footba
ll-analytics-main\players_d
ata-2024_2025_1751387048911
.csv: 2856 lines found
[CSV DEBUG] Parsed headers 
(count 267): Rk|Player|Nati
on|Pos|Squad|Comp|Age|Born|
MP|Starts|Min|90s|Gls|Ast|G
+A|G-PK|PK|PKatt|CrdY|CrdR|
xG|npxG|xAG|npxG+xAG|PrgC|P
rgP|PrgR|G+A-PK|xG+xAG|Rk_s
tats_shooting|Nation_stats_
shooting|Pos_stats_shooting
|Comp_stats_shooting|Age_st
ats_shooting|Born_stats_sho
oting|90s_stats_shooting|Gl
s_stats_shooting|Sh|SoT|SoT
%|Sh/90|SoT/90|G/Sh|G/SoT|D
ist|FK|PK_stats_shooting|PK
att_stats_shooting|xG_stats
_shooting|npxG_stats_shooti
ng|npxG/Sh|G-xG|np:G-xG|Rk_
stats_passing|Nation_stats_
passing|Pos_stats_passing|C
omp_stats_passing|Age_stats
_passing|Born_stats_passing
|90s_stats_passing|Cmp|Att|
Cmp%|TotDist|PrgDist|Ast_st
ats_passing|xAG_stats_passi
ng|xA|A-xAG|KP|1/3|PPA|CrsP
A|PrgP_stats_passing|Rk_sta
ts_passing_types|Nation_sta
ts_passing_types|Pos_stats_
passing_types|Comp_stats_pa
ssing_types|Age_stats_passi
ng_types|Born_stats_passing
_types|90s_stats_passing_ty
pes|Att_stats_passing_types
|Live|Dead|FK_stats_passing
_types|TB|Sw|Crs|TI|CK|In|O
ut|Str|Cmp_stats_passing_ty
pes|Off|Blocks|Rk_stats_gca
|Nation_stats_gca|Pos_stats
_gca|Comp_stats_gca|Age_sta
ts_gca|Born_stats_gca|90s_s
tats_gca|SCA|SCA90|PassLive
|PassDead|TO|Sh_stats_gca|F
ld|Def|GCA|GCA90|Rk_stats_d
efense|Nation_stats_defense
|Pos_stats_defense|Comp_sta
ts_defense|Age_stats_defens
e|Born_stats_defense|90s_st
ats_defense|Tkl|TklW|Def 
3rd|Mid 3rd|Att 3rd|Att_sta
ts_defense|Tkl%|Lost|Blocks
_stats_defense|Sh_stats_def
ense|Pass|Int|Tkl+Int|Clr|E
rr|Rk_stats_possession|Nati
on_stats_possession|Pos_sta
ts_possession|Comp_stats_po
ssession|Age_stats_possessi
on|Born_stats_possession|90
s_stats_possession|Touches|
Def Pen|Def 
3rd_stats_possession|Mid 
3rd_stats_possession|Att 
3rd_stats_possession|Att Pe
n|Live_stats_possession|Att
_stats_possession|Succ|Succ
%|Tkld|Tkld%|Carries|TotDis
t_stats_possession|PrgDist_
stats_possession|PrgC_stats
_possession|1/3_stats_posse
ssion|CPA|Mis|Dis|Rec|PrgR_
stats_possession|Rk_stats_p
laying_time|Nation_stats_pl
aying_time|Pos_stats_playin
g_time|Comp_stats_playing_t
ime|Age_stats_playing_time|
Born_stats_playing_time|MP_
stats_playing_time|Min_stat
s_playing_time|Mn/MP|Min%|9
0s_stats_playing_time|Start
s_stats_playing_time|Mn/Sta
rt|Compl|Subs|Mn/Sub|unSub|
PPM|onG|onGA|+/-|+/-90|On-O
ff|onxG|onxGA|xG+/-|xG+/-90
|Rk_stats_misc|Nation_stats
_misc|Pos_stats_misc|Comp_s
tats_misc|Age_stats_misc|Bo
rn_stats_misc|90s_stats_mis
c|CrdY_stats_misc|CrdR_stat
s_misc|2CrdY|Fls|Fld_stats_
misc|Off_stats_misc|Crs_sta
ts_misc|Int_stats_misc|TklW
_stats_misc|PKwon|PKcon|OG|
Recov|Won|Lost_stats_misc|W
on%|Rk_stats_keeper|Nation_
stats_keeper|Pos_stats_keep
er|Comp_stats_keeper|Age_st
ats_keeper|Born_stats_keepe
r|MP_stats_keeper|Starts_st
ats_keeper|Min_stats_keeper
|90s_stats_keeper|GA|GA90|S
oTA|Saves|Save%|W|D|L|CS|CS
%|PKatt_stats_keeper|PKA|PK
sv|PKm|Rk_stats_keeper_adv|
Nation_stats_keeper_adv|Pos
_stats_keeper_adv|Comp_stat
s_keeper_adv|Age_stats_keep
er_adv|Born_stats_keeper_ad
v|90s_stats_keeper_adv|GA_s
tats_keeper_adv|PKA_stats_k
eeper_adv|FK_stats_keeper_a
dv|CK_stats_keeper_adv|OG_s
tats_keeper_adv|PSxG|PSxG/S
oT|PSxG+/-|/90|Cmp_stats_ke
eper_adv|Att_stats_keeper_a
dv|Cmp%_stats_keeper_adv|At
t (GK)|Thr|Launch%|AvgLen|O
pp|Stp|Stp%|#OPA|#OPA/90|Av
gDist
Loaded 2854 players from historical dataset (2024/25)
Found 2718 players
First player: Brenden Aaronson
Search for 'Mbappe' returned 0 results
